    Blocking waiting for file lock on package cache
    Blocking waiting for file lock on package cache
    Blocking waiting for file lock on package cache
   Compiling proc-macro2 v1.0.95
   Compiling unicode-ident v1.0.18
   Compiling libc v0.2.180
   Compiling shlex v1.3.0
   Compiling serde_core v1.0.223
   Compiling serde v1.0.223
   Compiling glob v0.3.2
   Compiling regex-syntax v0.8.5
   Compiling crossbeam-utils v0.8.21
   Compiling minimal-lexical v0.2.1
   Compiling memchr v2.7.4
   Compiling bitcoin-io v0.1.3
   Compiling either v1.15.0
   Compiling bitcoin-internals v0.3.0
   Compiling pkg-config v0.3.32
   Compiling arrayvec v0.7.6
   Compiling bindgen v0.69.5
   Compiling itoa v1.0.15
   Compiling bitflags v2.9.1
   Compiling lazy_static v1.5.0
   Compiling lazycell v1.3.0
   Compiling rustc-hash v1.1.0
   Compiling hex_lit v0.1.1
   Compiling thiserror v1.0.69
   Compiling autocfg v1.4.0
   Compiling zmij v1.0.2
   Compiling httparse v1.10.1
   Compiling log v0.4.34
   Compiling base64 v0.22.1
   Compiling configure_me_codegen v0.4.8
   Compiling thiserror v2.0.16
   Compiling itertools v0.12.1
   Compiling serde_json v1.0.151
   Compiling bytes v1.11.1
   Compiling rayon-core v1.13.0
   Compiling bitcoin v0.32.9
   Compiling parking_lot_core v0.9.10
   Compiling cfg-if v1.0.0
   Compiling fmt2io v1.0.0
   Compiling hex-conservative v0.2.2
   Compiling smallvec v1.15.0
   Compiling unicode-segmentation v1.12.0
   Compiling void v1.0.2
   Compiling scopeguard v1.2.0
   Compiling protobuf v3.7.2
   Compiling bech32 v0.11.0
   Compiling parse_arg v1.0.1
   Compiling prometheus v0.14.0
   Compiling clang-sys v1.8.1
   Compiling utf-8 v0.7.6
   Compiling once_cell v1.21.3
   Compiling lock_api v0.4.12
   Compiling signal-hook v0.4.4
   Compiling anyhow v1.0.98
   Compiling percent-encoding v2.3.2
   Compiling fnv v1.0.7
   Compiling chunked_transfer v1.5.0
   Compiling humantime v2.2.0
   Compiling httpdate v1.0.3
   Compiling termcolor v1.4.1
   Compiling parse_arg v0.1.6
   Compiling ascii v1.1.0
   Compiling aho-corasick v1.1.3
   Compiling nom v7.1.3
   Compiling quote v1.0.40
   Compiling crossbeam-epoch v0.9.18
   Compiling crossbeam-channel v0.5.16
   Compiling tiny_http v0.12.0
   Compiling syn v2.0.101
   Compiling http v1.4.0
   Compiling crossbeam-deque v0.8.6
   Compiling jobserver v0.1.33
   Compiling is-terminal v0.4.16
   Compiling dirs-sys-next v0.1.2
   Compiling signal-hook-registry v1.4.5
   Compiling cc v1.2.23
   Compiling dirs-next v2.0.0
   Compiling parking_lot v0.12.3
   Compiling rayon v1.12.0
   Compiling regex-automata v0.4.9
   Compiling ureq-proto v0.5.3
   Compiling ureq v3.1.4
   Compiling cexpr v0.6.0
   Compiling zstd-sys v2.0.13+zstd.1.5.6
   Compiling secp256k1-sys v0.10.1
   Compiling regex v1.11.1
   Compiling serde_derive v1.0.223
   Compiling thiserror-impl v1.0.69
   Compiling thiserror-impl v2.0.16
   Compiling env_logger v0.10.2
   Compiling protobuf-support v3.7.2
   Compiling toml v0.5.11
   Compiling bitcoin_hashes v0.14.0
   Compiling jsonrpc v0.20.1
   Compiling bitcoin-units v0.1.2
   Compiling rust-librocksdb-sys v0.32.0+9.10.0
   Compiling cargo_toml v0.14.1
   Compiling configure_me v0.4.0
   Compiling secp256k1 v0.29.1
   Compiling base58ck v0.1.0
   Compiling electrs v0.12.0 (<temporary_workspace>/electrs)
   Compiling bitcoin_slices v0.11.0
   Compiling rust-rocksdb v0.36.0
   Compiling bindex v0.1.2
    Finished `release` profile [optimized] target(s) in 55.53s
