Starting electrs 0.12.0 on x86_64 linux with Config { network: Regtest, db_dir: "<temporary_workspace>/electrs-db", db_log_dir: None, db_parallelism: 1, daemon_auth: CookieFile("<temporary_workspace>/node/regtest/.cookie"), daemon_rpc_addr: 127.0.0.1:19543, electrum_rpc_addr: 127.0.0.1:19546, monitoring_addr: 127.0.0.1:19547, wait_duration: 1s, jsonrpc_timeout: 15s, index_lookup_limit: None, reindex_last_blocks: 0, auto_reindex: true, ignore_mempool: false, sync_once: false, skip_block_download_wait: false, disable_electrum_rpc: false, server_banner: "Welcome to electrs 0.12.0 (Electrum Rust Server)!" }
[2026-09-23T18:10:17.802Z INFO  electrs::metrics::metrics_impl] serving Prometheus metrics on 127.0.0.1:19547
[2026-09-23T18:10:17.802Z INFO  electrs::server] serving Electrum RPC on 127.0.0.1:19546
[2026-09-23T18:10:17.802Z INFO  bindex::chain] index: Config { db_path: "<temporary_workspace>/electrs-db/regtest", url: "http://127.0.0.1:19543" }
[2026-09-23T18:10:17.859Z INFO  bindex::db] CF config: 0 files, 0.000000 MBs
[2026-09-23T18:10:17.859Z INFO  bindex::db] CF headers: 0 files, 0.000000 MBs
[2026-09-23T18:10:17.859Z INFO  bindex::db] CF txpos: 0 files, 0.000000 MBs
[2026-09-23T18:10:17.859Z INFO  bindex::db] CF txid: 0 files, 0.000000 MBs
[2026-09-23T18:10:17.859Z INFO  bindex::db] CF script_hash: 0 files, 0.000000 MBs
[2026-09-23T18:10:17.859Z INFO  bindex::db] CF spending: 0 files, 0.000000 MBs
[2026-09-23T18:10:17.859Z INFO  bindex::db] CF funding: 0 files, 0.000000 MBs
[2026-09-23T18:10:17.923Z INFO  bindex::chain] block=1261d57b83c3bc35241b5fe18993e01397994ecfd7ab65f011af3d51c022aa51 height=101: indexed 102 blocks, 0.026[MB], dt = 0.026[s]: 0.253 [ms/block], 0.000 [MB/block], 0.993 [MB/s]
[2026-09-23T18:10:17.995Z INFO  bindex::db] started auto compactions
[2026-09-23T18:10:47.750Z INFO  electrs::electrum] your wallet uses less efficient method of querying electrs, consider contacting the developer of your wallet. Reason: blockchain.scripthash.listunspent called for unsubscribed scripthash
[2026-09-23T18:10:47.771Z INFO  electrs::electrum] your wallet uses less efficient method of querying electrs, consider contacting the developer of your wallet. Reason: blockchain.scripthash.listunspent called for unsubscribed scripthash
[2026-09-23T18:10:47.772Z INFO  electrs::electrum] your wallet uses less efficient method of querying electrs, consider contacting the developer of your wallet. Reason: blockchain.scripthash.listunspent called for unsubscribed scripthash
[2026-09-23T18:10:47.773Z INFO  electrs::electrum] your wallet uses less efficient method of querying electrs, consider contacting the developer of your wallet. Reason: blockchain.scripthash.listunspent called for unsubscribed scripthash
[2026-09-23T18:10:47.773Z INFO  electrs::electrum] your wallet uses less efficient method of querying electrs, consider contacting the developer of your wallet. Reason: blockchain.scripthash.listunspent called for unsubscribed scripthash
[2026-09-23T18:10:47.774Z INFO  electrs::electrum] your wallet uses less efficient method of querying electrs, consider contacting the developer of your wallet. Reason: blockchain.scripthash.listunspent called for unsubscribed scripthash
[2026-09-23T18:10:47.775Z INFO  electrs::electrum] your wallet uses less efficient method of querying electrs, consider contacting the developer of your wallet. Reason: blockchain.scripthash.listunspent called for unsubscribed scripthash
[2026-09-23T18:10:47.775Z INFO  electrs::electrum] your wallet uses less efficient method of querying electrs, consider contacting the developer of your wallet. Reason: blockchain.scripthash.listunspent called for unsubscribed scripthash
[2026-09-23T18:10:47.776Z INFO  electrs::electrum] your wallet uses less efficient method of querying electrs, consider contacting the developer of your wallet. Reason: blockchain.scripthash.listunspent called for unsubscribed scripthash
[2026-09-23T18:10:47.777Z INFO  electrs::electrum] your wallet uses less efficient method of querying electrs, consider contacting the developer of your wallet. Reason: blockchain.scripthash.listunspent called for unsubscribed scripthash
[2026-09-23T18:10:47.777Z INFO  electrs::electrum] your wallet uses less efficient method of querying electrs, consider contacting the developer of your wallet. Reason: blockchain.scripthash.listunspent called for unsubscribed scripthash
[2026-09-23T18:10:47.778Z INFO  electrs::electrum] your wallet uses less efficient method of querying electrs, consider contacting the developer of your wallet. Reason: blockchain.scripthash.listunspent called for unsubscribed scripthash
[2026-09-23T18:10:47.779Z INFO  electrs::electrum] your wallet uses less efficient method of querying electrs, consider contacting the developer of your wallet. Reason: blockchain.scripthash.listunspent called for unsubscribed scripthash
[2026-09-23T18:10:47.779Z INFO  electrs::electrum] your wallet uses less efficient method of querying electrs, consider contacting the developer of your wallet. Reason: blockchain.scripthash.listunspent called for unsubscribed scripthash
[2026-09-23T18:10:47.780Z INFO  electrs::electrum] your wallet uses less efficient method of querying electrs, consider contacting the developer of your wallet. Reason: blockchain.scripthash.listunspent called for unsubscribed scripthash
[2026-09-23T18:10:47.781Z INFO  electrs::electrum] your wallet uses less efficient method of querying electrs, consider contacting the developer of your wallet. Reason: blockchain.scripthash.listunspent called for unsubscribed scripthash
[2026-09-23T18:10:47.781Z INFO  electrs::electrum] your wallet uses less efficient method of querying electrs, consider contacting the developer of your wallet. Reason: blockchain.scripthash.listunspent called for unsubscribed scripthash
[2026-09-23T18:10:47.782Z INFO  electrs::electrum] your wallet uses less efficient method of querying electrs, consider contacting the developer of your wallet. Reason: blockchain.scripthash.listunspent called for unsubscribed scripthash
[2026-09-23T18:10:47.783Z INFO  electrs::electrum] your wallet uses less efficient method of querying electrs, consider contacting the developer of your wallet. Reason: blockchain.scripthash.listunspent called for unsubscribed scripthash
[2026-09-23T18:10:47.783Z INFO  electrs::electrum] your wallet uses less efficient method of querying electrs, consider contacting the developer of your wallet. Reason: blockchain.scripthash.listunspent called for unsubscribed scripthash
[2026-09-23T18:10:47.799Z INFO  electrs::electrum] your wallet uses less efficient method of querying electrs, consider contacting the developer of your wallet. Reason: blockchain.scripthash.listunspent called for unsubscribed scripthash
[2026-09-23T18:10:47.799Z INFO  electrs::electrum] your wallet uses less efficient method of querying electrs, consider contacting the developer of your wallet. Reason: blockchain.scripthash.listunspent called for unsubscribed scripthash
[2026-09-23T18:10:47.800Z INFO  electrs::electrum] your wallet uses less efficient method of querying electrs, consider contacting the developer of your wallet. Reason: blockchain.scripthash.listunspent called for unsubscribed scripthash
[2026-09-23T18:10:47.800Z INFO  electrs::electrum] your wallet uses less efficient method of querying electrs, consider contacting the developer of your wallet. Reason: blockchain.scripthash.listunspent called for unsubscribed scripthash
[2026-09-23T18:10:47.800Z INFO  electrs::electrum] your wallet uses less efficient method of querying electrs, consider contacting the developer of your wallet. Reason: blockchain.scripthash.listunspent called for unsubscribed scripthash
[2026-09-23T18:10:47.800Z INFO  electrs::electrum] your wallet uses less efficient method of querying electrs, consider contacting the developer of your wallet. Reason: blockchain.scripthash.listunspent called for unsubscribed scripthash
[2026-09-23T18:10:47.801Z INFO  electrs::electrum] your wallet uses less efficient method of querying electrs, consider contacting the developer of your wallet. Reason: blockchain.scripthash.listunspent called for unsubscribed scripthash
[2026-09-23T18:10:47.801Z INFO  electrs::electrum] your wallet uses less efficient method of querying electrs, consider contacting the developer of your wallet. Reason: blockchain.scripthash.listunspent called for unsubscribed scripthash
[2026-09-23T18:10:47.801Z INFO  electrs::electrum] your wallet uses less efficient method of querying electrs, consider contacting the developer of your wallet. Reason: blockchain.scripthash.listunspent called for unsubscribed scripthash
[2026-09-23T18:10:47.801Z INFO  electrs::electrum] your wallet uses less efficient method of querying electrs, consider contacting the developer of your wallet. Reason: blockchain.scripthash.listunspent called for unsubscribed scripthash
[2026-09-23T18:10:47.802Z INFO  electrs::electrum] your wallet uses less efficient method of querying electrs, consider contacting the developer of your wallet. Reason: blockchain.scripthash.listunspent called for unsubscribed scripthash
[2026-09-23T18:10:47.802Z INFO  electrs::electrum] your wallet uses less efficient method of querying electrs, consider contacting the developer of your wallet. Reason: blockchain.scripthash.listunspent called for unsubscribed scripthash
[2026-09-23T18:10:47.802Z INFO  electrs::electrum] your wallet uses less efficient method of querying electrs, consider contacting the developer of your wallet. Reason: blockchain.scripthash.listunspent called for unsubscribed scripthash
[2026-09-23T18:10:47.802Z INFO  electrs::electrum] your wallet uses less efficient method of querying electrs, consider contacting the developer of your wallet. Reason: blockchain.scripthash.listunspent called for unsubscribed scripthash
[2026-09-23T18:10:47.803Z INFO  electrs::electrum] your wallet uses less efficient method of querying electrs, consider contacting the developer of your wallet. Reason: blockchain.scripthash.listunspent called for unsubscribed scripthash
[2026-09-23T18:10:47.803Z INFO  electrs::electrum] your wallet uses less efficient method of querying electrs, consider contacting the developer of your wallet. Reason: blockchain.scripthash.listunspent called for unsubscribed scripthash
[2026-09-23T18:10:47.803Z INFO  electrs::electrum] your wallet uses less efficient method of querying electrs, consider contacting the developer of your wallet. Reason: blockchain.scripthash.listunspent called for unsubscribed scripthash
[2026-09-23T18:10:47.803Z INFO  electrs::electrum] your wallet uses less efficient method of querying electrs, consider contacting the developer of your wallet. Reason: blockchain.scripthash.listunspent called for unsubscribed scripthash
[2026-09-23T18:10:47.803Z INFO  electrs::electrum] your wallet uses less efficient method of querying electrs, consider contacting the developer of your wallet. Reason: blockchain.scripthash.listunspent called for unsubscribed scripthash
[2026-09-23T18:10:47.803Z INFO  electrs::electrum] your wallet uses less efficient method of querying electrs, consider contacting the developer of your wallet. Reason: blockchain.scripthash.listunspent called for unsubscribed scripthash
[2026-09-23T18:12:27.104Z INFO  electrs::electrum] your wallet uses less efficient method of querying electrs, consider contacting the developer of your wallet. Reason: blockchain.scripthash.listunspent called for unsubscribed scripthash
[2026-09-23T18:12:27.121Z INFO  electrs::electrum] your wallet uses less efficient method of querying electrs, consider contacting the developer of your wallet. Reason: blockchain.scripthash.listunspent called for unsubscribed scripthash
[2026-09-23T18:12:27.122Z INFO  electrs::electrum] your wallet uses less efficient method of querying electrs, consider contacting the developer of your wallet. Reason: blockchain.scripthash.listunspent called for unsubscribed scripthash
[2026-09-23T18:12:27.123Z INFO  electrs::electrum] your wallet uses less efficient method of querying electrs, consider contacting the developer of your wallet. Reason: blockchain.scripthash.listunspent called for unsubscribed scripthash
[2026-09-23T18:12:27.125Z INFO  electrs::electrum] your wallet uses less efficient method of querying electrs, consider contacting the developer of your wallet. Reason: blockchain.scripthash.listunspent called for unsubscribed scripthash
[2026-09-23T18:12:27.125Z INFO  electrs::electrum] your wallet uses less efficient method of querying electrs, consider contacting the developer of your wallet. Reason: blockchain.scripthash.listunspent called for unsubscribed scripthash
[2026-09-23T18:12:27.126Z INFO  electrs::electrum] your wallet uses less efficient method of querying electrs, consider contacting the developer of your wallet. Reason: blockchain.scripthash.listunspent called for unsubscribed scripthash
[2026-09-23T18:12:27.127Z INFO  electrs::electrum] your wallet uses less efficient method of querying electrs, consider contacting the developer of your wallet. Reason: blockchain.scripthash.listunspent called for unsubscribed scripthash
[2026-09-23T18:12:27.128Z INFO  electrs::electrum] your wallet uses less efficient method of querying electrs, consider contacting the developer of your wallet. Reason: blockchain.scripthash.listunspent called for unsubscribed scripthash
[2026-09-23T18:12:27.129Z INFO  electrs::electrum] your wallet uses less efficient method of querying electrs, consider contacting the developer of your wallet. Reason: blockchain.scripthash.listunspent called for unsubscribed scripthash
[2026-09-23T18:12:27.130Z INFO  electrs::electrum] your wallet uses less efficient method of querying electrs, consider contacting the developer of your wallet. Reason: blockchain.scripthash.listunspent called for unsubscribed scripthash
[2026-09-23T18:12:27.130Z INFO  electrs::electrum] your wallet uses less efficient method of querying electrs, consider contacting the developer of your wallet. Reason: blockchain.scripthash.listunspent called for unsubscribed scripthash
[2026-09-23T18:12:27.131Z INFO  electrs::electrum] your wallet uses less efficient method of querying electrs, consider contacting the developer of your wallet. Reason: blockchain.scripthash.listunspent called for unsubscribed scripthash
[2026-09-23T18:12:27.132Z INFO  electrs::electrum] your wallet uses less efficient method of querying electrs, consider contacting the developer of your wallet. Reason: blockchain.scripthash.listunspent called for unsubscribed scripthash
[2026-09-23T18:12:27.132Z INFO  electrs::electrum] your wallet uses less efficient method of querying electrs, consider contacting the developer of your wallet. Reason: blockchain.scripthash.listunspent called for unsubscribed scripthash
[2026-09-23T18:12:27.133Z INFO  electrs::electrum] your wallet uses less efficient method of querying electrs, consider contacting the developer of your wallet. Reason: blockchain.scripthash.listunspent called for unsubscribed scripthash
[2026-09-23T18:12:27.133Z INFO  electrs::electrum] your wallet uses less efficient method of querying electrs, consider contacting the developer of your wallet. Reason: blockchain.scripthash.listunspent called for unsubscribed scripthash
[2026-09-23T18:12:27.134Z INFO  electrs::electrum] your wallet uses less efficient method of querying electrs, consider contacting the developer of your wallet. Reason: blockchain.scripthash.listunspent called for unsubscribed scripthash
[2026-09-23T18:12:27.134Z INFO  electrs::electrum] your wallet uses less efficient method of querying electrs, consider contacting the developer of your wallet. Reason: blockchain.scripthash.listunspent called for unsubscribed scripthash
[2026-09-23T18:12:27.135Z INFO  electrs::electrum] your wallet uses less efficient method of querying electrs, consider contacting the developer of your wallet. Reason: blockchain.scripthash.listunspent called for unsubscribed scripthash
[2026-09-23T18:12:27.157Z INFO  electrs::electrum] your wallet uses less efficient method of querying electrs, consider contacting the developer of your wallet. Reason: blockchain.scripthash.listunspent called for unsubscribed scripthash
[2026-09-23T18:12:27.157Z INFO  electrs::electrum] your wallet uses less efficient method of querying electrs, consider contacting the developer of your wallet. Reason: blockchain.scripthash.listunspent called for unsubscribed scripthash
[2026-09-23T18:12:27.157Z INFO  electrs::electrum] your wallet uses less efficient method of querying electrs, consider contacting the developer of your wallet. Reason: blockchain.scripthash.listunspent called for unsubscribed scripthash
[2026-09-23T18:12:27.158Z INFO  electrs::electrum] your wallet uses less efficient method of querying electrs, consider contacting the developer of your wallet. Reason: blockchain.scripthash.listunspent called for unsubscribed scripthash
[2026-09-23T18:12:27.158Z INFO  electrs::electrum] your wallet uses less efficient method of querying electrs, consider contacting the developer of your wallet. Reason: blockchain.scripthash.listunspent called for unsubscribed scripthash
[2026-09-23T18:12:27.158Z INFO  electrs::electrum] your wallet uses less efficient method of querying electrs, consider contacting the developer of your wallet. Reason: blockchain.scripthash.listunspent called for unsubscribed scripthash
[2026-09-23T18:12:27.158Z INFO  electrs::electrum] your wallet uses less efficient method of querying electrs, consider contacting the developer of your wallet. Reason: blockchain.scripthash.listunspent called for unsubscribed scripthash
[2026-09-23T18:12:27.158Z INFO  electrs::electrum] your wallet uses less efficient method of querying electrs, consider contacting the developer of your wallet. Reason: blockchain.scripthash.listunspent called for unsubscribed scripthash
[2026-09-23T18:12:27.158Z INFO  electrs::electrum] your wallet uses less efficient method of querying electrs, consider contacting the developer of your wallet. Reason: blockchain.scripthash.listunspent called for unsubscribed scripthash
[2026-09-23T18:12:27.159Z INFO  electrs::electrum] your wallet uses less efficient method of querying electrs, consider contacting the developer of your wallet. Reason: blockchain.scripthash.listunspent called for unsubscribed scripthash
[2026-09-23T18:12:27.159Z INFO  electrs::electrum] your wallet uses less efficient method of querying electrs, consider contacting the developer of your wallet. Reason: blockchain.scripthash.listunspent called for unsubscribed scripthash
[2026-09-23T18:12:27.159Z INFO  electrs::electrum] your wallet uses less efficient method of querying electrs, consider contacting the developer of your wallet. Reason: blockchain.scripthash.listunspent called for unsubscribed scripthash
[2026-09-23T18:12:27.159Z INFO  electrs::electrum] your wallet uses less efficient method of querying electrs, consider contacting the developer of your wallet. Reason: blockchain.scripthash.listunspent called for unsubscribed scripthash
[2026-09-23T18:12:27.159Z INFO  electrs::electrum] your wallet uses less efficient method of querying electrs, consider contacting the developer of your wallet. Reason: blockchain.scripthash.listunspent called for unsubscribed scripthash
[2026-09-23T18:12:27.159Z INFO  electrs::electrum] your wallet uses less efficient method of querying electrs, consider contacting the developer of your wallet. Reason: blockchain.scripthash.listunspent called for unsubscribed scripthash
[2026-09-23T18:12:27.159Z INFO  electrs::electrum] your wallet uses less efficient method of querying electrs, consider contacting the developer of your wallet. Reason: blockchain.scripthash.listunspent called for unsubscribed scripthash
[2026-09-23T18:12:27.160Z INFO  electrs::electrum] your wallet uses less efficient method of querying electrs, consider contacting the developer of your wallet. Reason: blockchain.scripthash.listunspent called for unsubscribed scripthash
[2026-09-23T18:12:27.160Z INFO  electrs::electrum] your wallet uses less efficient method of querying electrs, consider contacting the developer of your wallet. Reason: blockchain.scripthash.listunspent called for unsubscribed scripthash
[2026-09-23T18:12:27.160Z INFO  electrs::electrum] your wallet uses less efficient method of querying electrs, consider contacting the developer of your wallet. Reason: blockchain.scripthash.listunspent called for unsubscribed scripthash
[2026-09-23T18:12:27.160Z INFO  electrs::electrum] your wallet uses less efficient method of querying electrs, consider contacting the developer of your wallet. Reason: blockchain.scripthash.listunspent called for unsubscribed scripthash
