    Blocking waiting for file lock on package cache
    Blocking waiting for file lock on package cache
    Blocking waiting for file lock on package cache
   Compiling proc-macro2 v1.0.95
   Compiling unicode-ident v1.0.18
   Compiling libc v0.2.174
   Compiling serde v1.0.219
   Compiling syn v1.0.109
   Compiling shlex v1.3.0
   Compiling cfg-if v1.0.1
   Compiling paste v1.0.15
   Compiling typenum v1.18.0
   Compiling version_check v0.9.5
   Compiling heck v0.5.0
   Compiling subtle v2.6.1
   Compiling hashbrown v0.15.4
   Compiling equivalent v1.0.2
   Compiling zerocopy v0.8.26
   Compiling getrandom v0.3.3
   Compiling itoa v1.0.15
   Compiling ryu v1.0.20
   Compiling serde_json v1.0.140
   Compiling winnow v0.7.11
   Compiling toml_write v0.1.2
   Compiling base64 v0.22.1
   Compiling cpufeatures v0.2.17
   Compiling memchr v2.7.5
   Compiling mnemonic v1.1.1
   Compiling unsafe-libyaml v0.2.11
   Compiling ascii v1.1.0
   Compiling amplify_num v0.5.3
   Compiling autocfg v1.5.0
   Compiling iana-time-zone v0.1.63
   Compiling thiserror v1.0.69
   Compiling fnv v1.0.7
   Compiling ident_case v1.0.1
   Compiling ref-cast v1.0.24
   Compiling bech32 v0.9.1
   Compiling borrow-or-share v0.2.2
   Compiling dunce v1.0.5
   Compiling strsim v0.10.0
   Compiling untrusted v0.9.0
   Compiling fs_extra v1.3.0
   Compiling percent-encoding v2.3.1
   Compiling strsim v0.11.1
   Compiling zeroize v1.8.1
   Compiling aws-lc-rs v1.13.1
   Compiling log v0.4.27
   Compiling rustls v0.21.12
   Compiling rustls v0.23.28
   Compiling utf8parse v0.2.2
   Compiling anstyle v1.0.11
   Compiling anstyle-parse v0.2.7
   Compiling rustls-pki-types v1.12.0
   Compiling once_cell v1.21.3
   Compiling webpki-roots v0.25.4
   Compiling hex v0.4.3
   Compiling is_terminal_polyfill v1.70.1
   Compiling colorchoice v1.0.4
   Compiling anstyle-query v1.1.3
   Compiling anyhow v1.0.98
   Compiling clap_lex v0.7.5
   Compiling byteorder v1.5.0
   Compiling anstream v0.6.19
   Compiling num-traits v0.2.19
   Compiling generic-array v0.14.7
   Compiling webpki-roots v1.0.1
   Compiling clap_builder v4.5.41
   Compiling webpki-roots v0.26.11
   Compiling quote v1.0.40
   Compiling jobserver v0.1.33
   Compiling getrandom v0.2.16
   Compiling syn v2.0.104
   Compiling rand_core v0.9.3
   Compiling cc v1.2.29
   Compiling crypto-common v0.1.6
   Compiling block-buffer v0.10.4
   Compiling digest v0.10.7
   Compiling sha2 v0.10.9
   Compiling ripemd v0.1.3
   Compiling hmac v0.12.1
   Compiling ppv-lite86 v0.2.21
   Compiling cmake v0.1.54
   Compiling rand_chacha v0.9.0
   Compiling secp256k1-sys v0.10.1
   Compiling ring v0.17.14
   Compiling aws-lc-sys v0.29.0
   Compiling rand v0.9.1
   Compiling amplify_syn v2.0.1
   Compiling darling_core v0.13.4
   Compiling darling_core v0.20.11
   Compiling amplify_derive v4.0.1
   Compiling strict_encoding_derive v2.8.0
   Compiling serde_derive v1.0.219
   Compiling thiserror-impl v1.0.69
   Compiling ref-cast-impl v1.0.24
   Compiling rustls-webpki v0.101.7
   Compiling sct v0.7.1
   Compiling clap_derive v4.5.41
   Compiling darling_macro v0.13.4
   Compiling fluent-uri v0.3.2
   Compiling darling v0.13.4
   Compiling serde_with_macros v1.5.2
   Compiling base85 v2.0.0
   Compiling darling_macro v0.20.11
   Compiling amplify v4.9.0
   Compiling darling v0.20.11
   Compiling serde_with_macros v3.14.0
   Compiling commit_encoding_derive v0.12.0
   Compiling clap v4.5.41
   Compiling serde_str_helpers v0.1.2
   Compiling indexmap v2.10.0
   Compiling toml_datetime v0.6.11
   Compiling serde_spanned v0.6.9
   Compiling chrono v0.4.41
   Compiling secp256k1 v0.30.0
   Compiling serde_with v1.14.0
   Compiling serde_with v3.14.0
   Compiling stringly_conversions v0.1.1
   Compiling toml_edit v0.22.27
   Compiling serde_yaml v0.9.34+deprecated
   Compiling minreq v2.14.0
   Compiling strict_encoding v2.9.1
   Compiling baid64 v0.4.2
   Compiling binfile v0.2.0
   Compiling rustls-webpki v0.103.3
   Compiling toml v0.8.23
   Compiling vesper-lang v0.2.1
   Compiling single_use_seals v0.12.0
   Compiling aora v0.6.4
   Compiling strict_types v2.9.0
   Compiling commit_verify v0.12.0
   Compiling bp-consensus v0.12.0
   Compiling aluvm v0.12.0
   Compiling zk-aluvm v0.12.0
   Compiling ultrasonic v0.12.0
   Compiling bp-dbc v0.12.0
   Compiling bp-invoice v0.12.0-rc.3
   Compiling bp-seals v0.12.0
   Compiling bp-derive v0.12.0-rc.3
   Compiling bp-core v0.12.0
   Compiling bp-electrum v0.12.0-rc.1
   Compiling bp-esplora v0.12.0-rc.3
   Compiling sonic-callreq v0.12.0
   Compiling rgb-core v0.12.0
   Compiling sonic-api v0.12.0
   Compiling descriptors v0.12.0-rc.3
   Compiling psbt v0.12.0-rc.3
   Compiling bp-std v0.12.0-rc.3
   Compiling hypersonic v0.12.0
   Compiling rgb-invoice v0.12.0-rc.3
   Compiling sonic-persist-fs v0.12.0
   Compiling rgb-std v0.12.0-rc.3
   Compiling rgb-persist-fs v0.12.0-rc.3
   Compiling rgb-descriptors v0.12.0-rc.3 (<temporary_workspace>/rgb/descriptors)
   Compiling rgb-psbt v0.12.0-rc.3 (<temporary_workspace>/rgb/psbt)
   Compiling rgb-runtime v0.12.0-rc.3 (<temporary_workspace>/rgb)
   Compiling rgb-wallet v0.12.0-rc.3 (<temporary_workspace>/rgb/cli)
    Finished `dev` profile [unoptimized + debuginfo] target(s) in 48.11s
